Z 65536

Assign(to : Z, from : Z)
PointsTo(var : Z, loc : Z) printtuples
# A pointer points to what it is assigned to
PointsTo(var, heap) :- Assign(var, heap).

# A pointer points to the transitive closure of its assignments
PointsTo(to, heap) :- Assign(to, from), PointsTo(from, heap).

##### Begin facts
#   %1 = alloca i32, align 4
Assign("*0", "stack_0").
#   %2 = alloca i8**, align 8
Assign("***1", "stack_1").
#   %prog = alloca i8*, align 8
Assign("**2", "stack_2").
#   store i8** %argv, i8*** %2, align 8
Assign("**1_tmp", "**3").
#   %3 = load i8*** %2, align 8
Assign("**4", "**1_tmp").
#   %5 = load i8** %4, align 8
Assign("*5", "*6_tmp").
#   store i8* %5, i8** %prog, align 8
Assign("*2_tmp", "*5").
#   %6 = load i8** %prog, align 8
Assign("*7", "*2_tmp").
#   %7 = call i32 (i8*, ...)* @printf(i8* getelementptr inbounds ([18 x i8]* @.str, i32 0, i32 0), i8* %6)
Assign("*8", "*9").
#### End facts
